2026-09-23T12:53:50 INFO  [main] Application startup requested.
2026-09-23T12:53:50 INFO  [migrations] Applied database migration.
2026-09-23T12:53:50 INFO  [migrations] Applied database migration.
2026-09-23T12:53:50 INFO  [migrations] Applied database migration.
2026-09-23T12:53:50 INFO  [database] Database connection opened and migrated.
2026-09-23T12:54:51 INFO  [main] Application shutdown completed.
2026-09-23T13:01:31 INFO  [main] Application startup requested.
2026-09-23T13:01:31 INFO  [database] Database connection opened and migrated.
2026-09-23T13:01:46 INFO  [main] Application shutdown completed.
2026-09-24T20:50:26 INFO  [main] Application startup requested.
2026-09-24T20:50:26 INFO  [database] Database connection opened and migrated.
2026-09-24T20:50:43 INFO  [main] Application shutdown completed.
2026-09-24T20:52:31 INFO  [main] Application startup requested.
2026-09-24T20:52:31 INFO  [database] Database connection opened and migrated.
2026-09-24T20:53:47 INFO  [auth] Initial administrator account created.
2026-09-24T20:54:04 INFO  [auth] Authentication succeeded.
2026-09-24T20:54:32 INFO  [main] Application shutdown completed.
2026-09-24T20:57:14 INFO  [main] Application startup requested.
2026-09-24T20:57:14 INFO  [database] Database connection opened and migrated.
2026-09-24T20:57:26 INFO  [auth] Authentication succeeded.
2026-09-24T21:05:44 INFO  [main] Application shutdown completed.
2026-09-24T21:06:04 INFO  [main] Application startup requested.
2026-09-24T21:06:04 INFO  [database] Database connection opened and migrated.
2026-09-24T21:06:12 INFO  [auth] Authentication succeeded.
2026-09-24T21:07:22 INFO  [backup] Database backup created.
2026-09-24T21:08:23 INFO  [auth] Authentication succeeded.
2026-09-24T21:09:00 INFO  [main] Application shutdown completed.
2026-09-24T21:10:10 INFO  [main] Application startup requested.
2026-09-24T21:10:10 INFO  [database] Database connection opened and migrated.
2026-09-24T21:10:20 INFO  [auth] Authentication succeeded.
2026-09-24T21:16:00 INFO  [patient] Patient record created.
2026-09-24T21:17:12 INFO  [main] Application shutdown completed.
2026-09-24T21:19:55 INFO  [main] Application startup requested.
2026-09-24T21:19:55 INFO  [database] Database connection opened and migrated.
2026-09-24T21:20:09 INFO  [auth] Authentication succeeded.
2026-09-24T21:20:20 INFO  [main] Application shutdown completed.
2026-09-24T21:23:00 INFO  [main] Application startup requested.
2026-09-24T21:23:00 INFO  [database] Database connection opened and migrated.
2026-09-24T21:23:10 INFO  [auth] Authentication succeeded.
2026-09-24T21:23:33 INFO  [main] Application shutdown completed.
2026-09-24T21:26:41 INFO  [main] Application startup requested.
2026-09-24T21:26:41 INFO  [database] Database connection opened and migrated.
2026-09-24T21:26:54 INFO  [auth] Authentication succeeded.
2026-09-24T21:32:21 INFO  [clinical] Medical-history entry added.
2026-09-24T21:32:36 INFO  [patient] Patient record deactivated.
2026-09-24T21:32:38 INFO  [patient] Patient record reactivated.
2026-09-24T21:32:56 INFO  [main] Application shutdown completed.
2026-09-24T21:35:58 INFO  [main] Application startup requested.
2026-09-24T21:35:58 INFO  [database] Database connection opened and migrated.
2026-09-24T21:36:08 INFO  [auth] Authentication succeeded.
2026-09-24T21:36:32 INFO  [clinical] Medical-history entry deleted.
2026-09-24T21:37:00 INFO  [main] Application shutdown completed.
2026-09-24T21:40:45 INFO  [main] Application startup requested.
2026-09-24T21:40:45 INFO  [database] Database connection opened and migrated.
2026-09-24T21:40:54 INFO  [auth] Authentication succeeded.
2026-09-24T21:45:14 INFO  [main] Application shutdown completed.
2026-09-24T21:46:21 INFO  [main] Application startup requested.
2026-09-24T21:46:21 INFO  [database] Database connection opened and migrated.
2026-09-24T21:46:33 INFO  [auth] Authentication succeeded.
2026-09-24T21:46:53 INFO  [main] Application shutdown completed.
2026-09-24T21:56:08 INFO  [main] Application startup requested.
2026-09-24T21:56:08 INFO  [database] Database connection opened and migrated.
2026-09-24T21:56:16 INFO  [auth] Authentication succeeded.
2026-09-24T21:57:05 INFO  [main] Application shutdown completed.
2026-09-24T22:01:38 INFO  [main] Application startup requested.
2026-09-24T22:01:38 INFO  [database] Database connection opened and migrated.
2026-09-24T22:01:50 INFO  [auth] Authentication succeeded.
2026-09-24T22:05:39 INFO  [auth] Authentication succeeded.
2026-09-24T22:07:37 INFO  [main] Application shutdown completed.
2026-09-24T22:21:18 INFO  [main] Application startup requested.
2026-09-24T22:21:18 INFO  [database] Database connection opened and migrated.
2026-09-24T22:21:32 INFO  [auth] Authentication succeeded.
2026-09-24T22:27:17 INFO  [main] Application shutdown completed.
2026-09-24T22:29:04 INFO  [main] Application startup requested.
2026-09-24T22:29:04 INFO  [database] Database connection opened and migrated.
2026-09-24T22:29:12 INFO  [auth] Authentication succeeded.
2026-09-24T22:30:16 INFO  [main] Application shutdown completed.
2026-09-24T22:33:12 INFO  [main] Application startup requested.
2026-09-24T22:33:12 INFO  [database] Database connection opened and migrated.
2026-09-24T22:33:21 INFO  [auth] Authentication succeeded.
2026-09-24T22:33:48 INFO  [auth] User account created.
2026-09-24T22:34:11 WARN  [auth] Authentication failed.
2026-09-24T22:34:22 WARN  [auth] Authentication failed.
2026-09-24T22:34:22 WARN  [auth] Authentication failed.
2026-09-24T22:34:23 WARN  [auth] Authentication failed.
2026-09-24T22:34:27 INFO  [auth] Authentication succeeded.
2026-09-24T22:35:19 INFO  [main] Application shutdown completed.
2026-09-25T00:00:20 INFO  [main] Application startup requested.
2026-09-25T00:00:20 INFO  [database] Database connection opened and migrated.
2026-09-25T10:10:57 INFO  [main] Application shutdown completed.
2026-09-25T12:18:08 INFO  [main] Application startup requested.
2026-09-25T12:18:09 INFO  [database] Database connection opened and migrated.
2026-09-25T12:18:45 WARN  [auth] Authentication failed.
2026-09-25T12:25:25 INFO  [main] Application shutdown completed.
2026-09-25T21:26:04 INFO  [main] Application startup requested.
2026-09-25T21:26:04 INFO  [database] Database connection opened and migrated.
2026-09-25T21:26:09 INFO  [main] Application shutdown completed.
2026-09-25T21:26:18 INFO  [main] Application startup requested.
2026-09-25T21:26:18 INFO  [database] Database connection opened and migrated.
2026-09-25T21:26:41 WARN  [auth] Authentication failed.
2026-09-25T21:26:53 INFO  [auth] Authentication succeeded.
2026-09-25T21:28:12 INFO  [auth] User account created.
2026-09-25T21:29:46 INFO  [main] Application shutdown completed.
2026-09-25T21:29:51 INFO  [main] Application startup requested.
2026-09-25T21:29:51 INFO  [database] Database connection opened and migrated.
2026-09-25T21:30:09 WARN  [auth] Authentication failed.
2026-09-25T21:30:21 INFO  [auth] Authentication succeeded.
2026-09-25T21:32:50 INFO  [patient] Patient record created.
2026-09-25T21:36:29 INFO  [auth] User account created.
2026-09-25T21:36:44 WARN  [auth] Authentication failed.
2026-09-25T21:36:53 INFO  [auth] Authentication succeeded.
2026-09-25T21:39:01 WARN  [auth] Authentication failed.
2026-09-25T21:39:11 INFO  [auth] Authentication succeeded.
2026-09-25T21:39:39 INFO  [auth] User account created.
2026-09-25T21:39:56 INFO  [auth] Authentication succeeded.
2026-09-25T21:41:52 INFO  [clinical] Medical-history entry added.
2026-09-25T22:08:12 INFO  [main] Application startup requested.
2026-09-25T22:08:12 INFO  [database] Database connection opened and migrated.
2026-09-25T22:08:25 INFO  [auth] Authentication succeeded.
2026-09-25T22:10:06 INFO  [main] Application shutdown completed.
2026-09-25T23:01:58 INFO  [main] Application startup requested.
2026-09-25T23:01:58 INFO  [database] Database connection opened and migrated.
2026-09-25T23:02:34 INFO  [auth] Authentication succeeded.
2026-09-25T23:04:33 INFO  [main] Application shutdown completed.
2026-09-26T09:03:37 INFO  [main] Application startup requested.
2026-09-26T09:03:37 INFO  [database] Database connection opened and migrated.
2026-09-26T09:03:52 INFO  [auth] Authentication succeeded.
2026-09-26T09:07:41 INFO  [clinical] Medical-history entry deleted.
2026-09-26T09:08:09 INFO  [auth] User account created.
2026-09-26T09:08:26 INFO  [auth] Authentication succeeded.
2026-09-26T09:08:49 INFO  [main] Application shutdown completed.
2026-09-26T10:08:42 INFO  [main] Application startup requested.
2026-09-26T10:08:42 INFO  [database] Database connection opened and migrated.
2026-09-26T10:09:03 WARN  [auth] Authentication failed.
2026-09-26T10:09:14 INFO  [auth] Authentication succeeded.
2026-09-26T10:10:35 INFO  [patient] Patient record created.
2026-09-26T10:14:18 INFO  [main] Application shutdown completed.
2026-09-26T22:55:26 INFO  [main] Application startup requested.
2026-09-26T22:55:26 INFO  [database] Database connection opened and migrated.
2026-09-26T22:55:35 INFO  [auth] Authentication succeeded.
2026-09-26T22:55:52 INFO  [main] Application shutdown completed.
